{
  "exclude": {
    "files": "^.secrets.baseline$",
    "lines": null
  },
  "generated_at": "2026-09-15T04:56:23Z",
  "plugins_used": [
    {
      "name": "AWSKeyDetector"
    },
    {
      "name": "ArtifactoryDetector"
    },
    {
      "name": "AzureStorageKeyDetector"
    },
    {
      "base64_limit": 4.5,
      "name": "Base64HighEntropyString"
    },
    {
      "name": "BasicAuthDetector"
    },
    {
      "name": "BoxDetector"
    },
    {
      "name": "CloudantDetector"
    },
    {
      "ghe_instance": "github.ibm.com",
      "name": "GheDetector"
    },
    {
      "name": "GitHubTokenDetector"
    },
    {
      "hex_limit": 3,
      "name": "HexHighEntropyString"
    },
    {
      "name": "IbmCloudIamDetector"
    },
    {
      "name": "IbmCosHmacDetector"
    },
    {
      "name": "JwtTokenDetector"
    },
    {
      "keyword_exclude": null,
      "name": "KeywordDetector"
    },
    {
      "name": "MailchimpDetector"
    },
    {
      "name": "NpmDetector"
    },
    {
      "name": "PrivateKeyDetector"
    },
    {
      "name": "SlackDetector"
    },
    {
      "name": "SoftlayerDetector"
    },
    {
      "name": "SquareOAuthDetector"
    },
    {
      "name": "StripeDetector"
    },
    {
      "name": "TwilioKeyDetector"
    }
  ],
  "results": {
    "edx-platform/conf/locale/en/LC_MESSAGES/django.po": [
      {
        "hashed_secret": "2ace62c1befa19e3ea37dd52be9f6d508c5163e6",
        "is_secret": false,
        "is_verified": false,
        "line_number": 10631,
        "type": "Secret Keyword",
        "verified_result": null
      },
      {
        "hashed_secret": "9d4e1e23bd5b727046a9e3b4b7db57bd8d6ee684",
        "is_secret": false,
        "is_verified": false,
        "line_number": 11416,
        "type": "Basic Auth Credentials",
        "verified_result": null
      }
    ],
    "edx-platform/conf/locale/en/LC_MESSAGES/djangojs.po": [
      {
        "hashed_secret": "2ace62c1befa19e3ea37dd52be9f6d508c5163e6",
        "is_secret": false,
        "is_verified": false,
        "line_number": 4481,
        "type": "Secret Keyword",
        "verified_result": null
      }
    ],
    "edx-platform/conf/locale/es_419/LC_MESSAGES/django.po": [
      {
        "hashed_secret": "2ace62c1befa19e3ea37dd52be9f6d508c5163e6",
        "is_secret": false,
        "is_verified": false,
        "line_number": 12181,
        "type": "Secret Keyword",
        "verified_result": null
      },
      {
        "hashed_secret": "9d4e1e23bd5b727046a9e3b4b7db57bd8d6ee684",
        "is_secret": false,
        "is_verified": false,
        "line_number": 13106,
        "type": "Basic Auth Credentials",
        "verified_result": null
      }
    ],
    "edx-platform/conf/locale/es_419/LC_MESSAGES/djangojs.po": [
      {
        "hashed_secret": "2ace62c1befa19e3ea37dd52be9f6d508c5163e6",
        "is_secret": false,
        "is_verified": false,
        "line_number": 4932,
        "type": "Secret Keyword",
        "verified_result": null
      }
    ],
    "edx-platform/conf/locale/it_IT/LC_MESSAGES/django.po": [
      {
        "hashed_secret": "2ace62c1befa19e3ea37dd52be9f6d508c5163e6",
        "is_secret": false,
        "is_verified": false,
        "line_number": 10741,
        "type": "Secret Keyword",
        "verified_result": null
      },
      {
        "hashed_secret": "9d4e1e23bd5b727046a9e3b4b7db57bd8d6ee684",
        "is_secret": false,
        "is_verified": false,
        "line_number": 11538,
        "type": "Basic Auth Credentials",
        "verified_result": null
      }
    ],
    "edx-platform/conf/locale/it_IT/LC_MESSAGES/djangojs.po": [
      {
        "hashed_secret": "2ace62c1befa19e3ea37dd52be9f6d508c5163e6",
        "is_secret": false,
        "is_verified": false,
        "line_number": 4638,
        "type": "Secret Keyword",
        "verified_result": null
      }
    ],
    "edx-platform/conf/locale/pl/LC_MESSAGES/django.po": [
      {
        "hashed_secret": "2ace62c1befa19e3ea37dd52be9f6d508c5163e6",
        "is_secret": false,
        "is_verified": false,
        "line_number": 11761,
        "type": "Secret Keyword",
        "verified_result": null
      },
      {
        "hashed_secret": "9d4e1e23bd5b727046a9e3b4b7db57bd8d6ee684",
        "is_secret": false,
        "is_verified": false,
        "line_number": 12592,
        "type": "Basic Auth Credentials",
        "verified_result": null
      }
    ],
    "edx-platform/conf/locale/pl/LC_MESSAGES/djangojs.po": [
      {
        "hashed_secret": "2ace62c1befa19e3ea37dd52be9f6d508c5163e6",
        "is_secret": false,
        "is_verified": false,
        "line_number": 4862,
        "type": "Secret Keyword",
        "verified_result": null
      }
    ],
    "edx-platform/conf/locale/pt_BR/LC_MESSAGES/django.po": [
      {
        "hashed_secret": "2ace62c1befa19e3ea37dd52be9f6d508c5163e6",
        "is_secret": false,
        "is_verified": false,
        "line_number": 12041,
        "type": "Secret Keyword",
        "verified_result": null
      },
      {
        "hashed_secret": "9d4e1e23bd5b727046a9e3b4b7db57bd8d6ee684",
        "is_secret": false,
        "is_verified": false,
        "line_number": 12918,
        "type": "Basic Auth Credentials",
        "verified_result": null
      }
    ],
    "edx-platform/conf/locale/pt_BR/LC_MESSAGES/djangojs.po": [
      {
        "hashed_secret": "2ace62c1befa19e3ea37dd52be9f6d508c5163e6",
        "is_secret": false,
        "is_verified": false,
        "line_number": 4903,
        "type": "Secret Keyword",
        "verified_result": null
      }
    ],
    "edx-platform/conf/locale/ru/LC_MESSAGES/django.po": [
      {
        "hashed_secret": "2ace62c1befa19e3ea37dd52be9f6d508c5163e6",
        "is_secret": false,
        "is_verified": false,
        "line_number": 12042,
        "type": "Secret Keyword",
        "verified_result": null
      },
      {
        "hashed_secret": "9d4e1e23bd5b727046a9e3b4b7db57bd8d6ee684",
        "is_secret": false,
        "is_verified": false,
        "line_number": 12919,
        "type": "Basic Auth Credentials",
        "verified_result": null
      }
    ],
    "edx-platform/conf/locale/ru/LC_MESSAGES/djangojs.po": [
      {
        "hashed_secret": "2ace62c1befa19e3ea37dd52be9f6d508c5163e6",
        "is_secret": false,
        "is_verified": false,
        "line_number": 4909,
        "type": "Secret Keyword",
        "verified_result": null
      }
    ],
    "edx-platform/conf/locale/uk/LC_MESSAGES/django.po": [
      {
        "hashed_secret": "2ace62c1befa19e3ea37dd52be9f6d508c5163e6",
        "is_secret": false,
        "is_verified": false,
        "line_number": 12047,
        "type": "Secret Keyword",
        "verified_result": null
      },
      {
        "hashed_secret": "9d4e1e23bd5b727046a9e3b4b7db57bd8d6ee684",
        "is_secret": false,
        "is_verified": false,
        "line_number": 12954,
        "type": "Basic Auth Credentials",
        "verified_result": null
      }
    ],
    "edx-platform/conf/locale/uk/LC_MESSAGES/djangojs.po": [
      {
        "hashed_secret": "2ace62c1befa19e3ea37dd52be9f6d508c5163e6",
        "is_secret": false,
        "is_verified": false,
        "line_number": 4900,
        "type": "Secret Keyword",
        "verified_result": null
      }
    ],
    "edx-platform/conf/locale/zh_CN/LC_MESSAGES/django.po": [
      {
        "hashed_secret": "2ace62c1befa19e3ea37dd52be9f6d508c5163e6",
        "is_secret": false,
        "is_verified": false,
        "line_number": 10923,
        "type": "Secret Keyword",
        "verified_result": null
      },
      {
        "hashed_secret": "9d4e1e23bd5b727046a9e3b4b7db57bd8d6ee684",
        "is_secret": false,
        "is_verified": false,
        "line_number": 11735,
        "type": "Basic Auth Credentials",
        "verified_result": null
      }
    ],
    "edx-platform/conf/locale/zh_CN/LC_MESSAGES/djangojs.po": [
      {
        "hashed_secret": "2ace62c1befa19e3ea37dd52be9f6d508c5163e6",
        "is_secret": false,
        "is_verified": false,
        "line_number": 4573,
        "type": "Secret Keyword",
        "verified_result": null
      }
    ],
    "edx-platform/conf/locale/zh_HANS/LC_MESSAGES/django.po": [
      {
        "hashed_secret": "2ace62c1befa19e3ea37dd52be9f6d508c5163e6",
        "is_secret": false,
        "is_verified": false,
        "line_number": 10923,
        "type": "Secret Keyword",
        "verified_result": null
      },
      {
        "hashed_secret": "9d4e1e23bd5b727046a9e3b4b7db57bd8d6ee684",
        "is_secret": false,
        "is_verified": false,
        "line_number": 11735,
        "type": "Basic Auth Credentials",
        "verified_result": null
      }
    ],
    "edx-platform/conf/locale/zh_HANS/LC_MESSAGES/djangojs.po": [
      {
        "hashed_secret": "2ace62c1befa19e3ea37dd52be9f6d508c5163e6",
        "is_secret": false,
        "is_verified": false,
        "line_number": 4573,
        "type": "Secret Keyword",
        "verified_result": null
      }
    ]
  },
  "version": "0.13.1+ibm.64.dss",
  "word_list": {
    "file": null,
    "hash": null
  }
}
